<?xml version="1.0" encoding="UTF-8"?>
<TestRun id="a365789f-3bba-4341-b340-e034f91240c4" name="Ани@АНИ-ПК 2016-04-12 14:01:17" runUser="Ани-ПК\Ани" xmlns="http://microsoft.com/schemas/VisualStudio/TeamTest/2010">
  <TestSettings name="Локальные" id="d1bd6848-d196-41b9-bf40-81a18eedd149">
    <Description>Это - параметры по умолчанию для локального тестового запуска.</Description>
    <Deployment enabled="false" runDeploymentRoot="Ани_АНИ-ПК 2016-04-12 14_01_17">
      <DeploymentItem filename="C:\Users\Ани\Desktop\GMESH\Geometry\bin\Debug\Geometry.dll" />
    </Deployment>
    <Execution>
      <TestTypeSpecific />
      <AgentRule name="Execution Agents">
      </AgentRule>
    </Execution>
  </TestSettings>
  <Times creation="2016-04-12T14:01:17.5556750+03:00" queuing="2016-04-12T14:01:17.8356754+03:00" start="2016-04-12T14:01:17.8556755+03:00" finish="2016-04-12T14:01:18.7396792+03:00" />
  <ResultSummary outcome="Failed">
    <Counters total="14" executed="14" passed="11" error="0" failed="3" timeout="0" aborted="0" inconclusive="0" passedButRunAborted="0" notRunnable="0" notExecuted="0" disconnected="0" warning="0" completed="0" inProgress="0" pending="0" />
  </ResultSummary>
  <TestDefinitions>
    <UnitTest name="YTest" storage="c:\users\ани\desktop\gmesh\testofgeometry\bin\debug\testofgeometry.dll" id="5d31dc43-73a2-ae58-1068-419736485d2d">
      <Execution id="23112d9f-512b-4202-8155-30a129f879cb" />
      <TestMethod codeBase="C:/Users/Ани/Desktop/GMESH/TestOfGeometry/bin/Debug/TestOfGeometry.DLL" adapterTypeName="Microsoft.VisualStudio.TestTools.TestTypes.Unit.UnitTestAdapter, Microsoft.VisualStudio.QualityTools.Tips.UnitTest.Adapter, Version=10.0.0.0, Culture=neutral, PublicKeyToken=b03f5f7f11d50a3a" className="TestOfGeometry.PointTest, TestOfGeometry, Version=1.0.0.0, Culture=neutral, PublicKeyToken=null" name="YTest" />
    </UnitTest>
    <UnitTest name="SegmentConstructorTest" storage="c:\users\ани\desktop\gmesh\testofgeometry\bin\debug\testofgeometry.dll" id="67055ce4-0089-ffb8-0de5-eb188293cf42">
      <Execution id="991d1de1-c9d2-4b08-81aa-1be1752a54f9" />
      <TestMethod codeBase="C:/Users/Ани/Desktop/GMESH/TestOfGeometry/bin/Debug/TestOfGeometry.DLL" adapterTypeName="Microsoft.VisualStudio.TestTools.TestTypes.Unit.UnitTestAdapter, Microsoft.VisualStudio.QualityTools.Tips.UnitTest.Adapter, Version=10.0.0.0, Culture=neutral, PublicKeyToken=b03f5f7f11d50a3a" className="TestOfGeometry.SegmentTest, TestOfGeometry, Version=1.0.0.0, Culture=neutral, PublicKeyToken=null" name="SegmentConstructorTest" />
    </UnitTest>
    <UnitTest name="TestMethod1" storage="c:\users\ани\desktop\gmesh\testofgeometry\bin\debug\testofgeometry.dll" id="fceb88fd-5b4e-5989-ef88-02850e25376d">
      <Execution id="e83df4b0-dcab-4e98-bba9-b8f3e7266c32" />
      <TestMethod codeBase="C:/Users/Ани/Desktop/GMESH/TestOfGeometry/bin/Debug/TestOfGeometry.DLL" adapterTypeName="Microsoft.VisualStudio.TestTools.TestTypes.Unit.UnitTestAdapter, Microsoft.VisualStudio.QualityTools.Tips.UnitTest.Adapter, Version=10.0.0.0, Culture=neutral, PublicKeyToken=b03f5f7f11d50a3a" className="TestOfGeometry.UnitTest1, TestOfGeometry, Version=1.0.0.0, Culture=neutral, PublicKeyToken=null" name="TestMethod1" />
    </UnitTest>
    <UnitTest name="XTest" storage="c:\users\ани\desktop\gmesh\testofgeometry\bin\debug\testofgeometry.dll" id="a1659872-cbd7-cd83-5661-340ffd974e46">
      <Execution id="043d3970-5165-478a-b2aa-848110bc7080" />
      <TestMethod codeBase="C:/Users/Ани/Desktop/GMESH/TestOfGeometry/bin/Debug/TestOfGeometry.DLL" adapterTypeName="Microsoft.VisualStudio.TestTools.TestTypes.Unit.UnitTestAdapter, Microsoft.VisualStudio.QualityTools.Tips.UnitTest.Adapter, Version=10.0.0.0, Culture=neutral, PublicKeyToken=b03f5f7f11d50a3a" className="TestOfGeometry.PointTest, TestOfGeometry, Version=1.0.0.0, Culture=neutral, PublicKeyToken=null" name="XTest" />
    </UnitTest>
    <UnitTest name="StTest" storage="c:\users\ани\desktop\gmesh\testofgeometry\bin\debug\testofgeometry.dll" id="db78a6c8-4a5e-8fb6-dfae-8fa7a5f766d2">
      <Execution id="8a5b7a54-6a55-42cb-9fd2-ed5c60a498cf" />
      <TestMethod codeBase="C:/Users/Ани/Desktop/GMESH/TestOfGeometry/bin/Debug/TestOfGeometry.DLL" adapterTypeName="Microsoft.VisualStudio.TestTools.TestTypes.Unit.UnitTestAdapter, Microsoft.VisualStudio.QualityTools.Tips.UnitTest.Adapter, Version=10.0.0.0, Culture=neutral, PublicKeyToken=b03f5f7f11d50a3a" className="TestOfGeometry.SegmentTest, TestOfGeometry, Version=1.0.0.0, Culture=neutral, PublicKeyToken=null" name="StTest" />
    </UnitTest>
    <UnitTest name="getPointTest" storage="c:\users\ани\desktop\gmesh\testofgeometry\bin\debug\testofgeometry.dll" id="afc1b0d6-293b-332f-4927-fa53d0e03374">
      <Execution id="9d8a0430-c73b-4257-a988-d3a22e375c6e" />
      <TestMethod codeBase="C:/Users/Ани/Desktop/GMESH/TestOfGeometry/bin/Debug/TestOfGeometry.DLL" adapterTypeName="Microsoft.VisualStudio.TestTools.TestTypes.Unit.UnitTestAdapter, Microsoft.VisualStudio.QualityTools.Tips.UnitTest.Adapter, Version=10.0.0.0, Culture=neutral, PublicKeyToken=b03f5f7f11d50a3a" className="TestOfGeometry.LineTest, TestOfGeometry, Version=1.0.0.0, Culture=neutral, PublicKeyToken=null" name="getPointTest" />
    </UnitTest>
    <UnitTest name="FinTest" storage="c:\users\ани\desktop\gmesh\testofgeometry\bin\debug\testofgeometry.dll" id="c32009c0-c625-3b69-6448-32a56c055af3">
      <Execution id="d8954809-323b-4538-8096-ea3882ec664b" />
      <TestMethod codeBase="C:/Users/Ани/Desktop/GMESH/TestOfGeometry/bin/Debug/TestOfGeometry.DLL" adapterTypeName="Microsoft.VisualStudio.TestTools.TestTypes.Unit.UnitTestAdapter, Microsoft.VisualStudio.QualityTools.Tips.UnitTest.Adapter, Version=10.0.0.0, Culture=neutral, PublicKeyToken=b03f5f7f11d50a3a" className="TestOfGeometry.SegmentTest, TestOfGeometry, Version=1.0.0.0, Culture=neutral, PublicKeyToken=null" name="FinTest" />
    </UnitTest>
    <UnitTest name="PointConstructorTest" storage="c:\users\ани\desktop\gmesh\testofgeometry\bin\debug\testofgeometry.dll" id="fd26dd54-e81f-34da-adad-2b8d4582f5ed">
      <Execution id="fec066ce-09a4-4f1f-bc62-ebc37c781e16" />
      <TestMethod codeBase="C:/Users/Ани/Desktop/GMESH/TestOfGeometry/bin/Debug/TestOfGeometry.DLL" adapterTypeName="Microsoft.VisualStudio.TestTools.TestTypes.Unit.UnitTestAdapter, Microsoft.VisualStudio.QualityTools.Tips.UnitTest.Adapter, Version=10.0.0.0, Culture=neutral, PublicKeyToken=b03f5f7f11d50a3a" className="TestOfGeometry.PointTest, TestOfGeometry, Version=1.0.0.0, Culture=neutral, PublicKeyToken=null" name="PointConstructorTest" />
    </UnitTest>
    <UnitTest name="LineConstructorTest" storage="c:\users\ани\desktop\gmesh\testofgeometry\bin\debug\testofgeometry.dll" id="4a5c8836-c779-c58e-ab98-5d033bc99b65">
      <Execution id="c0984ae8-71ae-4e04-990c-27d6bc56ac12" />
      <TestMethod codeBase="C:/Users/Ани/Desktop/GMESH/TestOfGeometry/bin/Debug/TestOfGeometry.DLL" adapterTypeName="Microsoft.VisualStudio.TestTools.TestTypes.Unit.UnitTestAdapter, Microsoft.VisualStudio.QualityTools.Tips.UnitTest.Adapter, Version=10.0.0.0, Culture=neutral, PublicKeyToken=b03f5f7f11d50a3a" className="TestOfGeometry.LineTest, TestOfGeometry, Version=1.0.0.0, Culture=neutral, PublicKeyToken=null" name="LineConstructorTest" />
    </UnitTest>
    <UnitTest name="getPointTest" storage="c:\users\ани\desktop\gmesh\testofgeometry\bin\debug\testofgeometry.dll" id="fc1dfce3-7bfd-f639-2130-4a7d21485602">
      <Execution id="5701da48-9afd-45a1-8469-9e2e7a68c30e" />
      <TestMethod codeBase="C:/Users/Ани/Desktop/GMESH/TestOfGeometry/bin/Debug/TestOfGeometry.DLL" adapterTypeName="Microsoft.VisualStudio.TestTools.TestTypes.Unit.UnitTestAdapter, Microsoft.VisualStudio.QualityTools.Tips.UnitTest.Adapter, Version=10.0.0.0, Culture=neutral, PublicKeyToken=b03f5f7f11d50a3a" className="TestOfGeometry.CardioidTest, TestOfGeometry, Version=1.0.0.0, Culture=neutral, PublicKeyToken=null" name="getPointTest" />
    </UnitTest>
    <UnitTest name="CardioidConstructorTest" storage="c:\users\ани\desktop\gmesh\testofgeometry\bin\debug\testofgeometry.dll" id="f0365fef-44d3-1475-85b0-c9f7df84f4f2">
      <Execution id="1afb16ba-5a7d-4daf-83c7-a962ea838e98" />
      <TestMethod codeBase="C:/Users/Ани/Desktop/GMESH/TestOfGeometry/bin/Debug/TestOfGeometry.DLL" adapterTypeName="Microsoft.VisualStudio.TestTools.TestTypes.Unit.UnitTestAdapter, Microsoft.VisualStudio.QualityTools.Tips.UnitTest.Adapter, Version=10.0.0.0, Culture=neutral, PublicKeyToken=b03f5f7f11d50a3a" className="TestOfGeometry.CardioidTest, TestOfGeometry, Version=1.0.0.0, Culture=neutral, PublicKeyToken=null" name="CardioidConstructorTest" />
    </UnitTest>
    <UnitTest name="getPointTest" storage="c:\users\ани\desktop\gmesh\testofgeometry\bin\debug\testofgeometry.dll" id="d7c848a9-d807-cc75-fd1e-f6ed3321bc99">
      <Execution id="e3a819b9-e228-42ec-8c39-48a20e546024" />
      <TestMethod codeBase="C:/Users/Ани/Desktop/GMESH/TestOfGeometry/bin/Debug/TestOfGeometry.DLL" adapterTypeName="Microsoft.VisualStudio.TestTools.TestTypes.Unit.UnitTestAdapter, Microsoft.VisualStudio.QualityTools.Tips.UnitTest.Adapter, Version=10.0.0.0, Culture=neutral, PublicKeyToken=b03f5f7f11d50a3a" className="TestOfGeometry.SegmentTest, TestOfGeometry, Version=1.0.0.0, Culture=neutral, PublicKeyToken=null" name="getPointTest" />
    </UnitTest>
    <UnitTest name="getPointTest" storage="c:\users\ани\desktop\gmesh\testofgeometry\bin\debug\testofgeometry.dll" id="91bd4190-bb55-34c3-7f5e-c1901d395e63">
      <Execution id="ab599d3f-32d9-4de5-96e9-a36784f32b05" />
      <TestMethod codeBase="C:/Users/Ани/Desktop/GMESH/TestOfGeometry/bin/Debug/TestOfGeometry.DLL" adapterTypeName="Microsoft.VisualStudio.TestTools.TestTypes.Unit.UnitTestAdapter, Microsoft.VisualStudio.QualityTools.Tips.UnitTest.Adapter, Version=10.0.0.0, Culture=neutral, PublicKeyToken=b03f5f7f11d50a3a" className="TestOfGeometry.CircleTest, TestOfGeometry, Version=1.0.0.0, Culture=neutral, PublicKeyToken=null" name="getPointTest" />
    </UnitTest>
    <UnitTest name="CircleConstructorTest" storage="c:\users\ани\desktop\gmesh\testofgeometry\bin\debug\testofgeometry.dll" id="b877574b-dc5c-4276-2dc9-555f6aaf4d4c">
      <Execution id="dd53a578-a28d-4c1f-b297-c6a193220ebd" />
      <TestMethod codeBase="C:/Users/Ани/Desktop/GMESH/TestOfGeometry/bin/Debug/TestOfGeometry.DLL" adapterTypeName="Microsoft.VisualStudio.TestTools.TestTypes.Unit.UnitTestAdapter, Microsoft.VisualStudio.QualityTools.Tips.UnitTest.Adapter, Version=10.0.0.0, Culture=neutral, PublicKeyToken=b03f5f7f11d50a3a" className="TestOfGeometry.CircleTest, TestOfGeometry, Version=1.0.0.0, Culture=neutral, PublicKeyToken=null" name="CircleConstructorTest" />
    </UnitTest>
  </TestDefinitions>
  <TestLists>
    <TestList name="Отсутствующие в списке результаты" id="8c84fa94-04c1-424b-9868-57a2d4851a1d" />
    <TestList name="Все загруженные результаты" id="19431567-8539-422a-85d7-44ee4e166bda" />
  </TestLists>
  <TestEntries>
    <TestEntry testId="4a5c8836-c779-c58e-ab98-5d033bc99b65" executionId="c0984ae8-71ae-4e04-990c-27d6bc56ac12" testListId="8c84fa94-04c1-424b-9868-57a2d4851a1d" />
    <TestEntry testId="5d31dc43-73a2-ae58-1068-419736485d2d" executionId="23112d9f-512b-4202-8155-30a129f879cb" testListId="8c84fa94-04c1-424b-9868-57a2d4851a1d" />
    <TestEntry testId="67055ce4-0089-ffb8-0de5-eb188293cf42" executionId="991d1de1-c9d2-4b08-81aa-1be1752a54f9" testListId="8c84fa94-04c1-424b-9868-57a2d4851a1d" />
    <TestEntry testId="91bd4190-bb55-34c3-7f5e-c1901d395e63" executionId="ab599d3f-32d9-4de5-96e9-a36784f32b05" testListId="8c84fa94-04c1-424b-9868-57a2d4851a1d" />
    <TestEntry testId="a1659872-cbd7-cd83-5661-340ffd974e46" executionId="043d3970-5165-478a-b2aa-848110bc7080" testListId="8c84fa94-04c1-424b-9868-57a2d4851a1d" />
    <TestEntry testId="afc1b0d6-293b-332f-4927-fa53d0e03374" executionId="9d8a0430-c73b-4257-a988-d3a22e375c6e" testListId="8c84fa94-04c1-424b-9868-57a2d4851a1d" />
    <TestEntry testId="b877574b-dc5c-4276-2dc9-555f6aaf4d4c" executionId="dd53a578-a28d-4c1f-b297-c6a193220ebd" testListId="8c84fa94-04c1-424b-9868-57a2d4851a1d" />
    <TestEntry testId="c32009c0-c625-3b69-6448-32a56c055af3" executionId="d8954809-323b-4538-8096-ea3882ec664b" testListId="8c84fa94-04c1-424b-9868-57a2d4851a1d" />
    <TestEntry testId="d7c848a9-d807-cc75-fd1e-f6ed3321bc99" executionId="e3a819b9-e228-42ec-8c39-48a20e546024" testListId="8c84fa94-04c1-424b-9868-57a2d4851a1d" />
    <TestEntry testId="db78a6c8-4a5e-8fb6-dfae-8fa7a5f766d2" executionId="8a5b7a54-6a55-42cb-9fd2-ed5c60a498cf" testListId="8c84fa94-04c1-424b-9868-57a2d4851a1d" />
    <TestEntry testId="f0365fef-44d3-1475-85b0-c9f7df84f4f2" executionId="1afb16ba-5a7d-4daf-83c7-a962ea838e98" testListId="8c84fa94-04c1-424b-9868-57a2d4851a1d" />
    <TestEntry testId="fc1dfce3-7bfd-f639-2130-4a7d21485602" executionId="5701da48-9afd-45a1-8469-9e2e7a68c30e" testListId="8c84fa94-04c1-424b-9868-57a2d4851a1d" />
    <TestEntry testId="fceb88fd-5b4e-5989-ef88-02850e25376d" executionId="e83df4b0-dcab-4e98-bba9-b8f3e7266c32" testListId="8c84fa94-04c1-424b-9868-57a2d4851a1d" />
    <TestEntry testId="fd26dd54-e81f-34da-adad-2b8d4582f5ed" executionId="fec066ce-09a4-4f1f-bc62-ebc37c781e16" testListId="8c84fa94-04c1-424b-9868-57a2d4851a1d" />
  </TestEntries>
  <Results>
    <UnitTestResult executionId="c0984ae8-71ae-4e04-990c-27d6bc56ac12" testId="4a5c8836-c779-c58e-ab98-5d033bc99b65" testName="LineConstructorTest" computerName="АНИ-ПК" duration="00:00:00.0746014" startTime="2016-04-12T14:01:17.9056755+03:00" endTime="2016-04-12T14:01:18.6096790+03:00" testType="13cdc9d9-ddb5-4fa4-a97d-d965ccfc6d4b" outcome="Failed" testListId="8c84fa94-04c1-424b-9868-57a2d4851a1d" relativeResultsDirectory="c0984ae8-71ae-4e04-990c-27d6bc56ac12">
      <Output>
        <ErrorInfo>
          <Message>Метод проверки TestOfGeometry.LineTest.LineConstructorTest выдал исключение: System.NullReferenceException: Ссылка на объект не указывает на экземпляр объекта..</Message>
          <StackTrace>    в Geometry.Line..ctor(IPoint L1, IPoint L2) в c:\users\ани\documents\visual studio 2010\Projects\GMESH\Geometry\Line.cs:строка 16
   в TestOfGeometry.LineTest.LineConstructorTest() в c:\users\ани\documents\visual studio 2010\Projects\GMESH\TestOfGeometry\LineTest.cs:строка 95
</StackTrace>
        </ErrorInfo>
      </Output>
    </UnitTestResult>
    <UnitTestResult executionId="23112d9f-512b-4202-8155-30a129f879cb" testId="5d31dc43-73a2-ae58-1068-419736485d2d" testName="YTest" computerName="АНИ-ПК" duration="00:00:00.0014733" startTime="2016-04-12T14:01:18.6096790+03:00" endTime="2016-04-12T14:01:18.6196790+03:00" testType="13cdc9d9-ddb5-4fa4-a97d-d965ccfc6d4b" outcome="Passed" testListId="8c84fa94-04c1-424b-9868-57a2d4851a1d" relativeResultsDirectory="23112d9f-512b-4202-8155-30a129f879cb">
    </UnitTestResult>
    <UnitTestResult executionId="991d1de1-c9d2-4b08-81aa-1be1752a54f9" testId="67055ce4-0089-ffb8-0de5-eb188293cf42" testName="SegmentConstructorTest" computerName="АНИ-ПК" duration="00:00:00.0045555" startTime="2016-04-12T14:01:18.6196790+03:00" endTime="2016-04-12T14:01:18.6296790+03:00" testType="13cdc9d9-ddb5-4fa4-a97d-d965ccfc6d4b" outcome="Failed" testListId="8c84fa94-04c1-424b-9868-57a2d4851a1d" relativeResultsDirectory="991d1de1-c9d2-4b08-81aa-1be1752a54f9">
      <Output>
        <ErrorInfo>
          <Message>Метод проверки TestOfGeometry.SegmentTest.SegmentConstructorTest выдал исключение: System.NullReferenceException: Ссылка на объект не указывает на экземпляр объекта..</Message>
          <StackTrace>    в Geometry.Segment..ctor(IPoint st, IPoint fin) в c:\users\ани\documents\visual studio 2010\Projects\GMESH\Geometry\Segment.cs:строка 17
   в TestOfGeometry.SegmentTest.SegmentConstructorTest() в c:\users\ани\documents\visual studio 2010\Projects\GMESH\TestOfGeometry\SegmentTest.cs:строка 129
</StackTrace>
        </ErrorInfo>
      </Output>
    </UnitTestResult>
    <UnitTestResult executionId="ab599d3f-32d9-4de5-96e9-a36784f32b05" testId="91bd4190-bb55-34c3-7f5e-c1901d395e63" testName="getPointTest" computerName="АНИ-ПК" duration="00:00:00.0019754" startTime="2016-04-12T14:01:18.6296790+03:00" endTime="2016-04-12T14:01:18.6396790+03:00" testType="13cdc9d9-ddb5-4fa4-a97d-d965ccfc6d4b" outcome="Passed" testListId="8c84fa94-04c1-424b-9868-57a2d4851a1d" relativeResultsDirectory="ab599d3f-32d9-4de5-96e9-a36784f32b05">
    </UnitTestResult>
    <UnitTestResult executionId="043d3970-5165-478a-b2aa-848110bc7080" testId="a1659872-cbd7-cd83-5661-340ffd974e46" testName="XTest" computerName="АНИ-ПК" duration="00:00:00.0007118" startTime="2016-04-12T14:01:18.6396790+03:00" endTime="2016-04-12T14:01:18.6496790+03:00" testType="13cdc9d9-ddb5-4fa4-a97d-d965ccfc6d4b" outcome="Passed" testListId="8c84fa94-04c1-424b-9868-57a2d4851a1d" relativeResultsDirectory="043d3970-5165-478a-b2aa-848110bc7080">
    </UnitTestResult>
    <UnitTestResult executionId="9d8a0430-c73b-4257-a988-d3a22e375c6e" testId="afc1b0d6-293b-332f-4927-fa53d0e03374" testName="getPointTest" computerName="АНИ-ПК" duration="00:00:00.0007040" startTime="2016-04-12T14:01:18.6496790+03:00" endTime="2016-04-12T14:01:18.6496790+03:00" testType="13cdc9d9-ddb5-4fa4-a97d-d965ccfc6d4b" outcome="Passed" testListId="8c84fa94-04c1-424b-9868-57a2d4851a1d" relativeResultsDirectory="9d8a0430-c73b-4257-a988-d3a22e375c6e">
    </UnitTestResult>
    <UnitTestResult executionId="dd53a578-a28d-4c1f-b297-c6a193220ebd" testId="b877574b-dc5c-4276-2dc9-555f6aaf4d4c" testName="CircleConstructorTest" computerName="АНИ-ПК" duration="00:00:00.0002988" startTime="2016-04-12T14:01:18.6496790+03:00" endTime="2016-04-12T14:01:18.6596790+03:00" testType="13cdc9d9-ddb5-4fa4-a97d-d965ccfc6d4b" outcome="Passed" testListId="8c84fa94-04c1-424b-9868-57a2d4851a1d" relativeResultsDirectory="dd53a578-a28d-4c1f-b297-c6a193220ebd">
    </UnitTestResult>
    <UnitTestResult executionId="d8954809-323b-4538-8096-ea3882ec664b" testId="c32009c0-c625-3b69-6448-32a56c055af3" testName="FinTest" computerName="АНИ-ПК" duration="00:00:00.0009836" startTime="2016-04-12T14:01:18.6596790+03:00" endTime="2016-04-12T14:01:18.6696791+03:00" testType="13cdc9d9-ddb5-4fa4-a97d-d965ccfc6d4b" outcome="Passed" testListId="8c84fa94-04c1-424b-9868-57a2d4851a1d" relativeResultsDirectory="d8954809-323b-4538-8096-ea3882ec664b">
    </UnitTestResult>
    <UnitTestResult executionId="e3a819b9-e228-42ec-8c39-48a20e546024" testId="d7c848a9-d807-cc75-fd1e-f6ed3321bc99" testName="getPointTest" computerName="АНИ-ПК" duration="00:00:00.0043683" startTime="2016-04-12T14:01:18.6696791+03:00" endTime="2016-04-12T14:01:18.6796791+03:00" testType="13cdc9d9-ddb5-4fa4-a97d-d965ccfc6d4b" outcome="Failed" testListId="8c84fa94-04c1-424b-9868-57a2d4851a1d" relativeResultsDirectory="e3a819b9-e228-42ec-8c39-48a20e546024">
      <Output>
        <ErrorInfo>
          <Message>Метод проверки TestOfGeometry.SegmentTest.getPointTest выдал исключение: System.NullReferenceException: Ссылка на объект не указывает на экземпляр объекта..</Message>
          <StackTrace>    в Geometry.Segment..ctor(IPoint st, IPoint fin) в c:\users\ани\documents\visual studio 2010\Projects\GMESH\Geometry\Segment.cs:строка 17
   в TestOfGeometry.SegmentTest.getPointTest() в c:\users\ани\documents\visual studio 2010\Projects\GMESH\TestOfGeometry\SegmentTest.cs:строка 109
</StackTrace>
        </ErrorInfo>
      </Output>
    </UnitTestResult>
    <UnitTestResult executionId="8a5b7a54-6a55-42cb-9fd2-ed5c60a498cf" testId="db78a6c8-4a5e-8fb6-dfae-8fa7a5f766d2" testName="StTest" computerName="АНИ-ПК" duration="00:00:00.0006281" startTime="2016-04-12T14:01:18.6796791+03:00" endTime="2016-04-12T14:01:18.6796791+03:00" testType="13cdc9d9-ddb5-4fa4-a97d-d965ccfc6d4b" outcome="Passed" testListId="8c84fa94-04c1-424b-9868-57a2d4851a1d" relativeResultsDirectory="8a5b7a54-6a55-42cb-9fd2-ed5c60a498cf">
    </UnitTestResult>
    <UnitTestResult executionId="1afb16ba-5a7d-4daf-83c7-a962ea838e98" testId="f0365fef-44d3-1475-85b0-c9f7df84f4f2" testName="CardioidConstructorTest" computerName="АНИ-ПК" duration="00:00:00.0008399" startTime="2016-04-12T14:01:18.6896791+03:00" endTime="2016-04-12T14:01:18.6896791+03:00" testType="13cdc9d9-ddb5-4fa4-a97d-d965ccfc6d4b" outcome="Passed" testListId="8c84fa94-04c1-424b-9868-57a2d4851a1d" relativeResultsDirectory="1afb16ba-5a7d-4daf-83c7-a962ea838e98">
    </UnitTestResult>
    <UnitTestResult executionId="5701da48-9afd-45a1-8469-9e2e7a68c30e" testId="fc1dfce3-7bfd-f639-2130-4a7d21485602" testName="getPointTest" computerName="АНИ-ПК" duration="00:00:00.0011412" startTime="2016-04-12T14:01:18.6896791+03:00" endTime="2016-04-12T14:01:18.6996791+03:00" testType="13cdc9d9-ddb5-4fa4-a97d-d965ccfc6d4b" outcome="Passed" testListId="8c84fa94-04c1-424b-9868-57a2d4851a1d" relativeResultsDirectory="5701da48-9afd-45a1-8469-9e2e7a68c30e">
    </UnitTestResult>
    <UnitTestResult executionId="e83df4b0-dcab-4e98-bba9-b8f3e7266c32" testId="fceb88fd-5b4e-5989-ef88-02850e25376d" testName="TestMethod1" computerName="АНИ-ПК" duration="00:00:00.0002828" startTime="2016-04-12T14:01:18.6996791+03:00" endTime="2016-04-12T14:01:18.7096791+03:00" testType="13cdc9d9-ddb5-4fa4-a97d-d965ccfc6d4b" outcome="Passed" testListId="8c84fa94-04c1-424b-9868-57a2d4851a1d" relativeResultsDirectory="e83df4b0-dcab-4e98-bba9-b8f3e7266c32">
    </UnitTestResult>
    <UnitTestResult executionId="fec066ce-09a4-4f1f-bc62-ebc37c781e16" testId="fd26dd54-e81f-34da-adad-2b8d4582f5ed" testName="PointConstructorTest" computerName="АНИ-ПК" duration="00:00:00.0002656" startTime="2016-04-12T14:01:18.7096791+03:00" endTime="2016-04-12T14:01:18.7096791+03:00" testType="13cdc9d9-ddb5-4fa4-a97d-d965ccfc6d4b" outcome="Passed" testListId="8c84fa94-04c1-424b-9868-57a2d4851a1d" relativeResultsDirectory="fec066ce-09a4-4f1f-bc62-ebc37c781e16">
    </UnitTestResult>
  </Results>
</TestRun>