<?xml version="1.0" encoding="UTF-8"?>
<TestRun id="8b079460-b1e3-468e-9c46-a26a45c00c7c" name="Ани@АНИ-ПК 2016-04-12 13:48:38" runUser="Ани-ПК\Ани" xmlns="http://microsoft.com/schemas/VisualStudio/TeamTest/2010">
  <TestSettings name="Локальные" id="d1bd6848-d196-41b9-bf40-81a18eedd149">
    <Description>Это - параметры по умолчанию для локального тестового запуска.</Description>
    <Deployment enabled="false" runDeploymentRoot="Ани_АНИ-ПК 2016-04-12 13_48_38">
      <DeploymentItem filename="c:\users\ани\documents\visual studio 2010\Projects\GMESH\Geometry\bin\Debug\Geometry.dll" />
    </Deployment>
    <Execution>
      <TestTypeSpecific />
      <AgentRule name="Execution Agents">
      </AgentRule>
    </Execution>
  </TestSettings>
  <Times creation="2016-04-12T13:48:38.2677910+03:00" queuing="2016-04-12T13:48:38.3677911+03:00" start="2016-04-12T13:48:38.4777913+03:00" finish="2016-04-12T13:48:39.2977924+03:00" />
  <ResultSummary outcome="Completed">
    <Counters total="1" executed="1" passed="1" error="0" failed="0" timeout="0" aborted="0" inconclusive="0" passedButRunAborted="0" notRunnable="0" notExecuted="0" disconnected="0" warning="0" completed="0" inProgress="0" pending="0" />
  </ResultSummary>
  <TestDefinitions>
    <UnitTest name="getPointTest" storage="c:\users\ани\documents\visual studio 2010\projects\gmesh\testofgeometry\bin\debug\testofgeometry.dll" id="afc1b0d6-293b-332f-4927-fa53d0e03374">
      <Execution id="0680c925-7839-4198-addb-329893e5c1f1" />
      <TestMethod codeBase="c:/users/ани/documents/visual studio 2010/Projects/GMESH/TestOfGeometry/bin/Debug/TestOfGeometry.DLL" adapterTypeName="Microsoft.VisualStudio.TestTools.TestTypes.Unit.UnitTestAdapter, Microsoft.VisualStudio.QualityTools.Tips.UnitTest.Adapter, Version=10.0.0.0, Culture=neutral, PublicKeyToken=b03f5f7f11d50a3a" className="TestOfGeometry.LineTest, TestOfGeometry, Version=1.0.0.0, Culture=neutral, PublicKeyToken=null" name="getPointTest" />
    </UnitTest>
  </TestDefinitions>
  <TestLists>
    <TestList name="Отсутствующие в списке результаты" id="8c84fa94-04c1-424b-9868-57a2d4851a1d" />
    <TestList name="Все загруженные результаты" id="19431567-8539-422a-85d7-44ee4e166bda" />
  </TestLists>
  <TestEntries>
    <TestEntry testId="afc1b0d6-293b-332f-4927-fa53d0e03374" executionId="0680c925-7839-4198-addb-329893e5c1f1" testListId="8c84fa94-04c1-424b-9868-57a2d4851a1d" />
  </TestEntries>
  <Results>
    <UnitTestResult executionId="0680c925-7839-4198-addb-329893e5c1f1" testId="afc1b0d6-293b-332f-4927-fa53d0e03374" testName="getPointTest" computerName="АНИ-ПК" duration="00:00:00.0375842" startTime="2016-04-12T13:48:38.5177914+03:00" endTime="2016-04-12T13:48:39.1877923+03:00" testType="13cdc9d9-ddb5-4fa4-a97d-d965ccfc6d4b" outcome="Passed" testListId="8c84fa94-04c1-424b-9868-57a2d4851a1d" relativeResultsDirectory="0680c925-7839-4198-addb-329893e5c1f1">
    </UnitTestResult>
  </Results>
</TestRun>